[canonical.com/maas/docs.html]
[backblue.gif]
[fade.gif]
[index.html]
[canonical.com/maas/how-it-works.html]
[canonical.com/maas/docs/how-to-get-maas-up-and-running.html]
[canonical.com/maas/tour.html]
[canonical.com/maas/tutorials.html]
[canonical.com/maas/blog.html]
[canonical.com/maas/docs/maas-in-thirty-minutes.html]
[canonical.com/maas/docs/how-to-guides.html]
[canonical.com/maas/docs/how-to-back-up-maas.html]
[canonical.com/maas/docs/how-to-manage-networks.html]
[canonical.com/maas/docs/how-to-manage-network-services.html]
[canonical.com/maas/docs/how-to-manage-machines.html]
[canonical.com/maas/docs/how-to-manage-machine-groups.html]
[canonical.com/maas/docs/how-to-manage-images.html]
[canonical.com/maas/docs/how-to-build-ubuntu-images.html]
[canonical.com/maas/docs/how-to-build-custom-images.html]
[canonical.com/maas/docs/how-to-manage-high-availability.html]
[canonical.com/maas/docs/how-to-use-logging.html]
[canonical.com/maas/docs/how-to-monitor-maas.html]
[canonical.com/maas/docs/how-to-enhance-maas-security.html]
[canonical.com/maas/docs/how-to-deploy-a-real-time-kernel.html]
[canonical.com/maas/docs/how-to-deploy-a-fips-compliant-kernel.html]
[canonical.com/maas/docs/how-to-set-up-air-gapped-maas.html]
[canonical.com/maas/docs/how-to-script-maas-with-python.html]
[canonical.com/maas/docs/how-to-deploy-vms-on-ibm-z.html]
[canonical.com/maas/docs/reference.html]
[canonical.com/maas/docs/release-notes-and-upgrade-instructions.html]
[canonical.com/maas/docs/supported-maas-versions.html]
[canonical.com/maas/docs/how-to-authenticate-to-the-maas-api.html]
[canonical.com/maas/docs/profile.html]
[canonical.com/maas/docs/api.html]
[canonical.com/maas/docs/account.html]
[canonical.com/maas/docs/apikey.html]
[canonical.com/maas/docs/bcache.html]
[canonical.com/maas/docs/bcache-cache-set.html]
[canonical.com/maas/docs/block-device.html]
[canonical.com/maas/docs/boot-resource.html]
[canonical.com/maas/docs/boot-source-selection.html]
[canonical.com/maas/docs/boot-source.html]
[canonical.com/maas/docs/changepassword.html]
[canonical.com/maas/docs/commissioning-scripts.html]
[canonical.com/maas/docs/configauth.html]
[canonical.com/maas/docs/config.html]
[canonical.com/maas/docs/config-tls.html]
[canonical.com/maas/docs/config-vault.html]
[canonical.com/maas/docs/createadmin.html]
[canonical.com/maas/docs/device.html]
[canonical.com/maas/docs/dhcp-snippet.html]
[canonical.com/maas/docs/discovery.html]
[canonical.com/maas/docs/dnsresource-records.html]
[canonical.com/maas/docs/dnsresource.html]
[canonical.com/maas/docs/domain.html]
[canonical.com/maas/docs/events.html]
[canonical.com/maas/docs/fabric.html]
[canonical.com/maas/docs/file.html]
[canonical.com/maas/docs/init.html]
[canonical.com/maas/docs/interface.html]
[canonical.com/maas/docs/ipaddresses.html]
[canonical.com/maas/docs/iprange.html]
[canonical.com/maas/docs/license-key.html]
[canonical.com/maas/docs/list.html]
[canonical.com/maas/docs/login.html]
[canonical.com/maas/docs/logout.html]
[canonical.com/maas/docs/maas.html]
[canonical.com/maas/docs/machine.html]
[canonical.com/maas/docs/migrate.html]
[canonical.com/maas/docs/network.html]
[canonical.com/maas/docs/node.html]
[canonical.com/maas/docs/node-device.html]
[canonical.com/maas/docs/node-result.html]
[canonical.com/maas/docs/node-script-result.html]
[canonical.com/maas/docs/node-script.html]
[canonical.com/maas/docs/notification.html]
[canonical.com/maas/docs/package-repository.html]
[canonical.com/maas/docs/partition.html]
[canonical.com/maas/docs/pod.html]
[canonical.com/maas/docs/cli-rack-controller.html]
[canonical.com/maas/docs/raid.html]
[canonical.com/maas/docs/refresh.html]
[canonical.com/maas/docs/cli-region-controller.html]
[canonical.com/maas/docs/resource-pool.html]
[canonical.com/maas/docs/space.html]
[canonical.com/maas/docs/sshkey.html]
[canonical.com/maas/docs/sslkey.html]
[canonical.com/maas/docs/static-route.html]
[canonical.com/maas/docs/status.html]
[canonical.com/maas/docs/subnet.html]
[canonical.com/maas/docs/tag.html]
[canonical.com/maas/docs/user.html]
[canonical.com/maas/docs/version.html]
[canonical.com/maas/docs/vlan.html]
[canonical.com/maas/docs/vm-cluster.html]
[canonical.com/maas/docs/vmfs-datastores.html]
[canonical.com/maas/docs/vm-host.html]
[canonical.com/maas/docs/volume-group.html]
[canonical.com/maas/docs/zone.html]
[canonical.com/maas/docs/installation-requirements.html]
[canonical.com/maas/docs/how-to-use-cloud-init-with-maas.html]
[canonical.com/maas/docs/configuration-reference.html]
[canonical.com/maas/docs/reference-hardware-test-scripts.html]
[canonical.com/maas/docs/maas-logging-reference.html]
[canonical.com/maas/docs/reference-maas-metrics.html]
[canonical.com/maas/docs/reference-power-drivers.html]
[canonical.com/maas/docs/reference-maas-storage.html]
[canonical.com/maas/docs/reference-terraform.html]
[canonical.com/maas/docs/maas-troubleshooting-guide.html]
[canonical.com/maas/docs/explanation.html]
[canonical.com/maas/docs/about-machine-basics.html]
[canonical.com/maas/docs/about-the-machine-life-cycle.html]
[canonical.com/maas/docs/about-commissioning-machines.html]
[canonical.com/maas/docs/reference-commissioning-scripts.html]
[canonical.com/maas/docs/about-machine-customization.html]
[canonical.com/maas/docs/about-deploying-machines.html]
[canonical.com/maas/docs/about-deploying-running-machines.html]
[canonical.com/maas/docs/about-lxd-projects.html]
[canonical.com/maas/docs/about-machine-groups.html]
[canonical.com/maas/docs/about-maas-networking.html]
[canonical.com/maas/docs/about-controllers.html]
[canonical.com/maas/docs/about-images.html]
[canonical.com/maas/docs/about-maas-performance.html]
[canonical.com/maas/docs/about-maas-events.html]
[canonical.com/maas/docs/about-maas-logging.html]
[canonical.com/maas/docs/about-maas-security.html]
[canonical.com/maas/docs/how-to-engage-on-the-discourse-forum.html]
[canonical.com/maas/docs/how-to-contribute-to-maas-documentation.html]
[canonical.com/maas/docs/how-to-request-features.html]
[canonical.com/maas/docs/how-to-report-and-review-bugs.html]
[canonical.com/maas/docs.html]
[canonical.com/maas/how-it-works.html]
[canonical.com/maas/docs/how-to-contact-us.html]
[canonical.com/maas/docs/how-to-upgrade-postgresql-v12-to-v14.html]
[canonical.com/maas/docs/how-to-get-maas-up-and-running.html]
[canonical.com/maas/docs/how-to-upgrade-from-postgresql-v14-to-v16.html]
[canonical.com/maas/tour.html]
[canonical.com/maas/docs/reference-maas-glossary.html]
[canonical.com/maas/tutorials/tutorials/build-your-own-bare-metal-cloud-using-a-raspberry-pi-cluster-with-maas.html]
[canonical.com/maas/tutorials/tutorials/maas-esxi-quickstart.html]
[canonical.com/maas/tutorials.html]
[canonical.com/maas/tutorials/tutorials/build-a-maas-and-lxd-environment-in-30-minutes-with-multipass-on-ubuntu.html]
[canonical.com/maas/blog2679.html]
[canonical.com/maas/blog4658.html]
[canonical.com/maas/blog9ba9.html]
[canonical.com/maas/blogfdb0.html]
[canonical.com/maas/blog.html]
[canonical.com/maas/docs/maas-in-thirty-minutes.html]
[canonical.com/maas/docs/how-to-guides.html]
[canonical.com/maas/blogaf4d.html]
[canonical.com/maas/docs/how-to-back-up-maas.html]
[canonical.com/maas/docs/how-to-manage-networks.html]
[canonical.com/maas/docs/how-to-manage-network-services.html]
[canonical.com/maas/docs/how-to-manage-machines.html]
[canonical.com/maas/docs/how-to-manage-machine-groups.html]
[canonical.com/maas/docs/how-to-manage-images.html]
[canonical.com/maas/docs/how-to-build-ubuntu-images.html]
[canonical.com/maas/docs/how-to-build-custom-images.html]
[canonical.com/maas/docs/how-to-manage-high-availability.html]
[canonical.com/maas/docs/how-to-use-logging.html]
[canonical.com/maas/docs/how-to-monitor-maas.html]
[canonical.com/maas/docs/how-to-enhance-maas-security.html]
[canonical.com/maas/docs/how-to-deploy-a-real-time-kernel.html]
[canonical.com/maas/docs/how-to-deploy-a-fips-compliant-kernel.html]
[canonical.com/maas/docs/how-to-set-up-air-gapped-maas.html]
[canonical.com/maas/docs/how-to-script-maas-with-python.html]
[canonical.com/maas/docs/how-to-deploy-vms-on-ibm-z.html]
[canonical.com/maas/docs/reference.html]
[canonical.com/maas/docs/release-notes-and-upgrade-instructionsb309.html]
[canonical.com/maas/docs/reference-release-notes-maas-3-3.html]
[canonical.com/maas/docs/reference-release-notes-maas-3-2.html]
[canonical.com/maas/docs/reference-release-notes-maas-3-1.html]
[canonical.com/maas/docs/reference-release-notes-maas-3-0.html]
[canonical.com/maas/docs/reference-release-notes-maas-2-9.html]
[canonical.com/maas/docs/reference-release-notes-maas-2-8.html]
[canonical.com/maas/docs/release-notes-and-upgrade-instructions.html]
[canonical.com/maas/docs/supported-maas-versions.html]
[canonical.com/maas/docs/how-to-authenticate-to-the-maas-api.html]
[canonical.com/maas/docs/profile.html]
[canonical.com/maas/docs/api.html]
[canonical.com/maas/docs/account.html]
[canonical.com/maas/docs/apikey.html]
[canonical.com/maas/docs/bcache.html]
[canonical.com/maas/docs/bcache-cache-set.html]
[canonical.com/maas/docs/block-device.html]
[canonical.com/maas/docs/boot-resource.html]
[canonical.com/maas/docs/boot-source-selection.html]
[canonical.com/maas/docs/boot-source.html]
[canonical.com/maas/docs/changepassword.html]
[canonical.com/maas/docs/commissioning-scripts.html]
[canonical.com/maas/docs/configauth.html]
[canonical.com/maas/docs/config.html]
[canonical.com/maas/docs/config-tls.html]
[canonical.com/maas/docs/config-vault.html]
[canonical.com/maas/docs/createadmin.html]
[canonical.com/maas/docs/device.html]
[canonical.com/maas/docs/dhcp-snippet.html]
[canonical.com/maas/docs/discovery.html]
[canonical.com/maas/docs/dnsresource-records.html]
[canonical.com/maas/docs/dnsresource.html]
[canonical.com/maas/docs/domain.html]
[canonical.com/maas/docs/events.html]
[canonical.com/maas/docs/fabric.html]
[canonical.com/maas/docs/file.html]
[canonical.com/maas/docs/init.html]
[canonical.com/maas/docs/interface.html]
[canonical.com/maas/docs/ipaddresses.html]
[canonical.com/maas/docs/iprange.html]
[canonical.com/maas/docs/license-key.html]
[canonical.com/maas/docs/list.html]
[canonical.com/maas/docs/login.html]
[canonical.com/maas/docs/logout.html]
[canonical.com/maas/docs/maas.html]
[canonical.com/maas/docs/machine.html]
[canonical.com/maas/docs/migrate.html]
[canonical.com/maas/docs/network.html]
[canonical.com/maas/docs/node.html]
[canonical.com/maas/docs/node-device.html]
[canonical.com/maas/docs/node-result.html]
[canonical.com/maas/docs/node-script-result.html]
[canonical.com/maas/docs/node-script.html]
[canonical.com/maas/docs/notification.html]
[canonical.com/maas/docs/package-repository.html]
[canonical.com/maas/docs/partition.html]
[canonical.com/maas/docs/pod.html]
[canonical.com/maas/docs/cli-rack-controller.html]
[canonical.com/maas/docs/raid.html]
[canonical.com/maas/docs/refresh.html]
[canonical.com/maas/docs/cli-region-controller.html]
[canonical.com/maas/docs/resource-pool.html]
[canonical.com/maas/docs/space.html]
[canonical.com/maas/docs/sshkey.html]
[canonical.com/maas/docs/sslkey.html]
[canonical.com/maas/docs/static-route.html]
[canonical.com/maas/docs/status.html]
[canonical.com/maas/docs/subnet.html]
[canonical.com/maas/docs/tag.html]
[canonical.com/maas/docs/user.html]
[canonical.com/maas/docs/version.html]
[canonical.com/maas/docs/vlan.html]
[canonical.com/maas/docs/vm-cluster.html]
[canonical.com/maas/docs/vmfs-datastores.html]
[canonical.com/maas/docs/vm-host.html]
[canonical.com/maas/docs/volume-group.html]
[canonical.com/maas/docs/zone.html]
[canonical.com/maas/docs/reference-release-notes-maas-2-7.html]
[canonical.com/maas/docs/postgresql-deprecation-notices.html]
[canonical.com/maas/docs/installation-requirements.html]
[canonical.com/maas/docs/how-to-use-cloud-init-with-maas.html]
[canonical.com/maas/docs/configuration-reference.html]
[canonical.com/maas/docs/reference-hardware-test-scripts.html]
[canonical.com/maas/docs/maas-logging-reference.html]
[canonical.com/maas/docs/reference-maas-metrics.html]
[canonical.com/maas/docs/reference-power-drivers.html]
[canonical.com/maas/docs/reference-maas-storage.html]
[canonical.com/maas/docs/reference-terraform.html]
[canonical.com/maas/docs/maas-troubleshooting-guide.html]
[canonical.com/maas/docs/explanation.html]
[canonical.com/maas/docs/about-machine-basics.html]
[canonical.com/maas/docs/about-the-machine-life-cycle.html]
[canonical.com/maas/docs/about-commissioning-machines.html]
[canonical.com/maas/docs/reference-commissioning-scripts.html]
[canonical.com/maas/docs/about-machine-customization.html]
[canonical.com/maas/docs/about-deploying-machines.html]
[canonical.com/maas/docs/about-deploying-running-machines.html]
[canonical.com/maas/docs/about-lxd-projects.html]
[canonical.com/maas/docs/about-machine-groups.html]
[canonical.com/maas/docs/about-maas-networking.html]
[canonical.com/maas/docs/about-controllers.html]
[canonical.com/maas/docs/about-images.html]
[canonical.com/maas/docs/about-maas-performance.html]
[canonical.com/maas/docs/about-maas-events.html]
[canonical.com/maas/docs/about-maas-logging.html]
[canonical.com/maas/docs/about-maas-security.html]
[canonical.com/maas/docs/how-to-engage-on-the-discourse-forum.html]
[canonical.com/maas/docs/how-to-contribute-to-maas-documentation.html]
[canonical.com/maas/docs/how-to-request-features.html]
[canonical.com/maas/docs/how-to-report-and-review-bugs.html]
[canonical.com/maas/docs/how-to-contact-us.html]
[canonical.com/maas/docs/how-to-upgrade-postgresql-v12-to-v14.html]
[canonical.com/maas/docs/how-to-upgrade-from-postgresql-v14-to-v16.html]
[canonical.com/maas/docs/reference-maas-glossary.html]
[canonical.com/maas/tutorials/tutorials/build-your-own-bare-metal-cloud-using-a-raspberry-pi-cluster-with-maas.html]
[canonical.com/maas/tutorials/tutorials/maas-esxi-quickstart.html]
[canonical.com/maas/tutorials/tutorials/build-a-maas-and-lxd-environment-in-30-minutes-with-multipass-on-ubuntu.html]
[canonical.com/maas/blog2679.html]
[canonical.com/maas/blog4658.html]
[canonical.com/maas/blog9ba9.html]
[canonical.com/maas/blogfdb0.html]
[canonical.com/maas/blogc575.html]
[canonical.com/maas/blogaf4d.html]
[canonical.com/maas/docs/how-to-manage-machines#p-9078-add-lxd-for-vm-hosts.html]
[canonical.com/maas/docs/how-to-manage-controllers#p-9026-enable-ha.html]
[canonical.com/maas/docs/release-notes-and-upgrade-instructionsb309.html]
[canonical.com/maas/docs/reference-release-notes-maas-3-3.html]
[canonical.com/maas/docs/reference-release-notes-maas-3-2.html]
[canonical.com/maas/docs/reference-release-notes-maas-3-1.html]
[canonical.com/maas/docs/reference-release-notes-maas-3-0.html]
[canonical.com/maas/docs/reference-release-notes-maas-2-9.html]
[canonical.com/maas/docs/reference-release-notes-maas-2-8.html]
[canonical.com/maas/docs/reference-release-notes-maas-2-7.html]
[canonical.com/maas/docs/postgresql-deprecation-notices.html]
[canonical.com/maas/docs/about-maas-networking#p-20679-dhcp.html]
[canonical.com/maas/docs/about-maas-events#p-13512-about-audit-events.html]
[canonical.com/maas/blog235c.html]
[canonical.com/maas/blogc575.html]
[canonical.com/maas/blogfdfa.html]
[canonical.com/maas/blog235c.html]
[canonical.com/maas/blog0b08.html]
[canonical.com/maas/blogfdfa.html]
[canonical.com/maas/blog1448.html]
[canonical.com/maas/blog0b08.html]
[canonical.com/maas/blog1448.html]
[canonical.com/maas/blog1c8b.html]
[canonical.com/maas/blog1c8b.html]
